2026-09-05 14:09:15,745 [INFO] ==============================================================================
2026-09-05 14:09:15,746 [INFO] BioDNA v3 - leave-one-cohort-out: выбор по переносимости
2026-09-05 14:09:15,746 [INFO] ==============================================================================
2026-09-05 14:09:15,957 [INFO] Аннотация GENCODE v26: 63856 генов, из них protein_coding 22321
2026-09-05 14:09:16,114 [INFO] GTEx: оставлено 180 женских образцов из 482
2026-09-05 14:09:16,116 [INFO] TCGA: оставлено 1226 женских образцов из 1239
2026-09-05 14:09:16,121 [INFO] Читаю gtex.gene_sums.BREAST.G026.gz (это займёт минуту)...
2026-09-05 14:09:18,828 [INFO]   482 образцов x 63856 генов
2026-09-05 14:09:18,867 [INFO] Читаю tcga.gene_sums.BRCA.G026.gz (это займёт минуту)...
2026-09-05 14:09:27,462 [INFO]   1256 образцов x 63856 генов
2026-09-05 14:09:27,677 [INFO] Общих генов после фильтра по типу: 22321
2026-09-05 14:09:29,803 [INFO] Экспрессируется в >=20% образцов: 15808 генов из 22321
2026-09-05 14:09:29,857 [INFO] Итоговый набор: 1406 образцов x 15808 генов
2026-09-05 14:09:29,857 [INFO]   состав: {('GTEX', 'healthy'): 180, ('TCGA', 'adjacent'): 111, ('TCGA', 'tumor'): 1115}
2026-09-05 14:09:29,933 [INFO] Читаю sra.gene_sums.SRP157974.G026.gz (это займёт минуту)...
2026-09-05 14:09:32,917 [INFO]   448 образцов x 63856 генов
2026-09-05 14:09:33,497 [INFO] Внешняя когорта FUSCC (SRP157974): 448 образцов, 360 пациентов, состав {'TNBC': 360, 'норма рядом': 88}
2026-09-05 14:09:33,516 [INFO] Читаю sra.gene_sums.SRP042620.G026.gz (это займёт минуту)...
2026-09-05 14:09:34,775 [INFO]   168 образцов x 63856 генов
2026-09-05 14:09:35,065 [INFO] Внешняя когорта VARLEY (SRP042620): 140 образцов, 140 пациентов, состав {'опухоль ER+': 42, 'опухоль TNBC': 42, 'норма рядом (ER+)': 30, 'норма рядом (TNBC)': 21, 'редукционная маммопластика': 5}
2026-09-05 14:09:35,149 [INFO] Объединённый набор: 1994 образцов x 15808 генов
2026-09-05 14:09:35,151 [INFO]   по когортам: {('FUSCC', 'adjacent'): 88, ('FUSCC', 'tumor'): 360, ('GTEX', 'healthy'): 180, ('TCGA', 'adjacent'): 111, ('TCGA', 'tumor'): 1115, ('VARLEY', 'adjacent'): 51, ('VARLEY', 'healthy'): 5, ('VARLEY', 'tumor'): 84}
2026-09-05 14:09:35,168 [INFO] Состав:
cohort  group   
FUSCC   adjacent      88
        tumor        360
GTEX    healthy      180
TCGA    adjacent     111
        tumor       1115
VARLEY  adjacent      51
        healthy        5
        tumor         84
2026-09-05 14:09:35,169 [INFO] 
[1] ПЕРЕБОР КОНФИГУРАЦИЙ ПО ХУДШЕЙ КОГОРТЕ
2026-09-05 14:09:49,352 [INFO]   [  1/108] Logistic Regression (L2)   logtpm    25 генов | худшая 0.9817 | средняя 0.9895 | 14s
2026-09-05 14:10:02,321 [INFO]   [  2/108] Logistic Regression (L2)   logtpm    50 генов | худшая 0.9851 | средняя 0.9923 | 13s
2026-09-05 14:10:16,528 [INFO]   [  3/108] Logistic Regression (L2)   logtpm   100 генов | худшая 0.9854 | средняя 0.9941 | 14s
2026-09-05 14:10:30,410 [INFO]   [  4/108] Logistic Regression (L2)   logtpm   200 генов | худшая 0.9827 | средняя 0.9926 | 14s
2026-09-05 14:10:44,766 [INFO]   [  5/108] Logistic Regression (L2)   zsample   25 генов | худшая 0.9829 | средняя 0.9894 | 14s
2026-09-05 14:10:59,030 [INFO]   [  6/108] Logistic Regression (L2)   zsample   50 генов | худшая 0.9732 | средняя 0.9856 | 14s
2026-09-05 14:11:13,147 [INFO]   [  7/108] Logistic Regression (L2)   zsample  100 генов | худшая 0.9849 | средняя 0.9931 | 14s
2026-09-05 14:11:26,716 [INFO]   [  8/108] Logistic Regression (L2)   zsample  200 генов | худшая 0.9812 | средняя 0.9915 | 14s
2026-09-05 14:11:42,272 [INFO]   [  9/108] Logistic Regression (L2)   rank      25 генов | худшая 0.9836 | средняя 0.9929 | 16s
2026-09-05 14:11:57,251 [INFO]   [ 10/108] Logistic Regression (L2)   rank      50 генов | худшая 0.9847 | средняя 0.9930 | 15s
2026-09-05 14:12:11,227 [INFO]   [ 11/108] Logistic Regression (L2)   rank     100 генов | худшая 0.9843 | средняя 0.9908 | 14s
2026-09-05 14:12:24,502 [INFO]   [ 12/108] Logistic Regression (L2)   rank     200 генов | худшая 0.9824 | средняя 0.9912 | 13s
2026-09-05 14:12:34,396 [INFO]   [ 13/108] Logistic Regression (L1)   logtpm    25 генов | худшая 0.9823 | средняя 0.9894 | 10s
2026-09-05 14:12:44,355 [INFO]   [ 14/108] Logistic Regression (L1)   logtpm    50 генов | худшая 0.9889 | средняя 0.9932 | 10s
2026-09-05 14:12:54,739 [INFO]   [ 15/108] Logistic Regression (L1)   logtpm   100 генов | худшая 0.9865 | средняя 0.9946 | 10s
2026-09-05 14:13:04,938 [INFO]   [ 16/108] Logistic Regression (L1)   logtpm   200 генов | худшая 0.9866 | средняя 0.9946 | 10s
2026-09-05 14:13:15,575 [INFO]   [ 17/108] Logistic Regression (L1)   zsample   25 генов | худшая 0.9866 | средняя 0.9926 | 11s
2026-09-05 14:13:26,031 [INFO]   [ 18/108] Logistic Regression (L1)   zsample   50 генов | худшая 0.9878 | средняя 0.9929 | 10s
2026-09-05 14:13:36,420 [INFO]   [ 19/108] Logistic Regression (L1)   zsample  100 генов | худшая 0.9881 | средняя 0.9950 | 10s
2026-09-05 14:13:46,886 [INFO]   [ 20/108] Logistic Regression (L1)   zsample  200 генов | худшая 0.9856 | средняя 0.9943 | 10s
2026-09-05 14:13:59,851 [INFO]   [ 21/108] Logistic Regression (L1)   rank      25 генов | худшая 0.9833 | средняя 0.9925 | 13s
2026-09-05 14:14:12,973 [INFO]   [ 22/108] Logistic Regression (L1)   rank      50 генов | худшая 0.9843 | средняя 0.9939 | 13s
2026-09-05 14:14:26,119 [INFO]   [ 23/108] Logistic Regression (L1)   rank     100 генов | худшая 0.9836 | средняя 0.9930 | 13s
2026-09-05 14:14:39,637 [INFO]   [ 24/108] Logistic Regression (L1)   rank     200 генов | худшая 0.9823 | средняя 0.9932 | 14s
2026-09-05 14:14:49,486 [INFO]   [ 25/108] Elastic Net                logtpm    25 генов | худшая 0.9829 | средняя 0.9903 | 10s
2026-09-05 14:14:59,619 [INFO]   [ 26/108] Elastic Net                logtpm    50 генов | худшая 0.9856 | средняя 0.9930 | 10s
2026-09-05 14:15:10,708 [INFO]   [ 27/108] Elastic Net                logtpm   100 генов | худшая 0.9846 | средняя 0.9937 | 11s
2026-09-05 14:15:23,261 [INFO]   [ 28/108] Elastic Net                logtpm   200 генов | худшая 0.9840 | средняя 0.9937 | 13s
2026-09-05 14:15:33,915 [INFO]   [ 29/108] Elastic Net                zsample   25 генов | худшая 0.9834 | средняя 0.9915 | 11s
2026-09-05 14:15:44,815 [INFO]   [ 30/108] Elastic Net                zsample   50 генов | худшая 0.9866 | средняя 0.9918 | 11s
2026-09-05 14:15:56,168 [INFO]   [ 31/108] Elastic Net                zsample  100 генов | худшая 0.9845 | средняя 0.9937 | 11s
2026-09-05 14:16:09,226 [INFO]   [ 32/108] Elastic Net                zsample  200 генов | худшая 0.9827 | средняя 0.9934 | 13s
2026-09-05 14:16:22,639 [INFO]   [ 33/108] Elastic Net                rank      25 генов | худшая 0.9826 | средняя 0.9919 | 13s
2026-09-05 14:16:36,258 [INFO]   [ 34/108] Elastic Net                rank      50 генов | худшая 0.9831 | средняя 0.9935 | 14s
2026-09-05 14:16:50,224 [INFO]   [ 35/108] Elastic Net                rank     100 генов | худшая 0.9816 | средняя 0.9924 | 14s
2026-09-05 14:17:06,195 [INFO]   [ 36/108] Elastic Net                rank     200 генов | худшая 0.9812 | средняя 0.9925 | 16s
2026-09-05 14:17:16,344 [INFO]   [ 37/108] LDA (Ledoit-Wolf)          logtpm    25 генов | худшая 0.9794 | средняя 0.9890 | 10s
2026-09-05 14:17:26,589 [INFO]   [ 38/108] LDA (Ledoit-Wolf)          logtpm    50 генов | худшая 0.9836 | средняя 0.9925 | 10s
2026-09-05 14:17:36,941 [INFO]   [ 39/108] LDA (Ledoit-Wolf)          logtpm   100 генов | худшая 0.9860 | средняя 0.9945 | 10s
2026-09-05 14:17:46,970 [INFO]   [ 40/108] LDA (Ledoit-Wolf)          logtpm   200 генов | худшая 0.9866 | средняя 0.9948 | 10s
2026-09-05 14:17:57,252 [INFO]   [ 41/108] LDA (Ledoit-Wolf)          zsample   25 генов | худшая 0.9825 | средняя 0.9897 | 10s
2026-09-05 14:18:07,560 [INFO]   [ 42/108] LDA (Ledoit-Wolf)          zsample   50 генов | худшая 0.9831 | средняя 0.9882 | 10s
2026-09-05 14:18:17,462 [INFO]   [ 43/108] LDA (Ledoit-Wolf)          zsample  100 генов | худшая 0.9843 | средняя 0.9921 | 10s
2026-09-05 14:18:27,091 [INFO]   [ 44/108] LDA (Ledoit-Wolf)          zsample  200 генов | худшая 0.9865 | средняя 0.9941 | 10s
2026-09-05 14:18:39,747 [INFO]   [ 45/108] LDA (Ledoit-Wolf)          rank      25 генов | худшая 0.9832 | средняя 0.9928 | 13s
2026-09-05 14:18:52,595 [INFO]   [ 46/108] LDA (Ledoit-Wolf)          rank      50 генов | худшая 0.9833 | средняя 0.9936 | 13s
2026-09-05 14:19:05,481 [INFO]   [ 47/108] LDA (Ledoit-Wolf)          rank     100 генов | худшая 0.9843 | средняя 0.9939 | 13s
2026-09-05 14:19:18,469 [INFO]   [ 48/108] LDA (Ledoit-Wolf)          rank     200 генов | худшая 0.9854 | средняя 0.9943 | 13s
2026-09-05 14:19:28,394 [INFO]   [ 49/108] PLS-DA                     logtpm    25 генов | худшая 0.9813 | средняя 0.9896 | 10s
2026-09-05 14:19:38,555 [INFO]   [ 50/108] PLS-DA                     logtpm    50 генов | худшая 0.9873 | средняя 0.9935 | 10s
2026-09-05 14:19:48,931 [INFO]   [ 51/108] PLS-DA                     logtpm   100 генов | худшая 0.9827 | средняя 0.9932 | 10s
2026-09-05 14:19:59,392 [INFO]   [ 52/108] PLS-DA                     logtpm   200 генов | худшая 0.9794 | средняя 0.9925 | 10s
2026-09-05 14:20:10,068 [INFO]   [ 53/108] PLS-DA                     zsample   25 генов | худшая 0.9836 | средняя 0.9898 | 11s
2026-09-05 14:20:20,795 [INFO]   [ 54/108] PLS-DA                     zsample   50 генов | худшая 0.9875 | средняя 0.9913 | 11s
2026-09-05 14:20:31,303 [INFO]   [ 55/108] PLS-DA                     zsample  100 генов | худшая 0.9865 | средняя 0.9928 | 11s
2026-09-05 14:20:41,847 [INFO]   [ 56/108] PLS-DA                     zsample  200 генов | худшая 0.9801 | средняя 0.9919 | 11s
2026-09-05 14:20:55,229 [INFO]   [ 57/108] PLS-DA                     rank      25 генов | худшая 0.9822 | средняя 0.9925 | 13s
2026-09-05 14:21:08,039 [INFO]   [ 58/108] PLS-DA                     rank      50 генов | худшая 0.9837 | средняя 0.9936 | 13s
2026-09-05 14:21:21,033 [INFO]   [ 59/108] PLS-DA                     rank     100 генов | худшая 0.9818 | средняя 0.9930 | 13s
2026-09-05 14:21:33,845 [INFO]   [ 60/108] PLS-DA                     rank     200 генов | худшая 0.9787 | средняя 0.9921 | 13s
2026-09-05 14:21:43,885 [INFO]   [ 61/108] Shrunken Centroids (PAM)   logtpm    25 генов | худшая 0.9805 | средняя 0.9846 | 10s
2026-09-05 14:21:54,091 [INFO]   [ 62/108] Shrunken Centroids (PAM)   logtpm    50 генов | худшая 0.9664 | средняя 0.9777 | 10s
2026-09-05 14:22:03,774 [INFO]   [ 63/108] Shrunken Centroids (PAM)   logtpm   100 генов | худшая 0.9553 | средняя 0.9651 | 10s
2026-09-05 14:22:14,439 [INFO]   [ 64/108] Shrunken Centroids (PAM)   logtpm   200 генов | худшая 0.9547 | средняя 0.9605 | 11s
2026-09-05 14:22:24,925 [INFO]   [ 65/108] Shrunken Centroids (PAM)   zsample   25 генов | худшая 0.9820 | средняя 0.9848 | 10s
2026-09-05 14:22:35,101 [INFO]   [ 66/108] Shrunken Centroids (PAM)   zsample   50 генов | худшая 0.9683 | средняя 0.9769 | 10s
2026-09-05 14:22:45,074 [INFO]   [ 67/108] Shrunken Centroids (PAM)   zsample  100 генов | худшая 0.9609 | средняя 0.9698 | 10s
2026-09-05 14:22:55,612 [INFO]   [ 68/108] Shrunken Centroids (PAM)   zsample  200 генов | худшая 0.9496 | средняя 0.9629 | 11s
2026-09-05 14:23:09,099 [INFO]   [ 69/108] Shrunken Centroids (PAM)   rank      25 генов | худшая 0.9825 | средняя 0.9873 | 13s
2026-09-05 14:23:22,216 [INFO]   [ 70/108] Shrunken Centroids (PAM)   rank      50 генов | худшая 0.9754 | средняя 0.9828 | 13s
2026-09-05 14:23:35,370 [INFO]   [ 71/108] Shrunken Centroids (PAM)   rank     100 генов | худшая 0.9607 | средняя 0.9740 | 13s
2026-09-05 14:23:48,596 [INFO]   [ 72/108] Shrunken Centroids (PAM)   rank     200 генов | худшая 0.9534 | средняя 0.9653 | 13s
2026-09-05 14:23:58,609 [INFO]   [ 73/108] SVM (RBF)                  logtpm    25 генов | худшая 0.9667 | средняя 0.9829 | 10s
2026-09-05 14:24:08,343 [INFO]   [ 74/108] SVM (RBF)                  logtpm    50 генов | худшая 0.9717 | средняя 0.9885 | 10s
2026-09-05 14:24:18,086 [INFO]   [ 75/108] SVM (RBF)                  logtpm   100 генов | худшая 0.9646 | средняя 0.9866 | 10s
2026-09-05 14:24:28,117 [INFO]   [ 76/108] SVM (RBF)                  logtpm   200 генов | худшая 0.9660 | средняя 0.9870 | 10s
2026-09-05 14:24:38,180 [INFO]   [ 77/108] SVM (RBF)                  zsample   25 генов | худшая 0.9751 | средняя 0.9876 | 10s
2026-09-05 14:24:48,399 [INFO]   [ 78/108] SVM (RBF)                  zsample   50 генов | худшая 0.9677 | средняя 0.9839 | 10s
2026-09-05 14:24:58,674 [INFO]   [ 79/108] SVM (RBF)                  zsample  100 генов | худшая 0.9744 | средняя 0.9893 | 10s
2026-09-05 14:25:09,190 [INFO]   [ 80/108] SVM (RBF)                  zsample  200 генов | худшая 0.9740 | средняя 0.9900 | 11s
2026-09-05 14:25:21,678 [INFO]   [ 81/108] SVM (RBF)                  rank      25 генов | худшая 0.9781 | средняя 0.9901 | 12s
2026-09-05 14:25:34,449 [INFO]   [ 82/108] SVM (RBF)                  rank      50 генов | худшая 0.9732 | средняя 0.9895 | 13s
2026-09-05 14:25:46,823 [INFO]   [ 83/108] SVM (RBF)                  rank     100 генов | худшая 0.9758 | средняя 0.9903 | 12s
2026-09-05 14:25:59,729 [INFO]   [ 84/108] SVM (RBF)                  rank     200 генов | худшая 0.9743 | средняя 0.9894 | 13s
2026-09-05 14:26:12,167 [INFO]   [ 85/108] k-NN (k=5)                 logtpm    25 генов | худшая 0.9600 | средняя 0.9705 | 12s
2026-09-05 14:26:22,464 [INFO]   [ 86/108] k-NN (k=5)                 logtpm    50 генов | худшая 0.9649 | средняя 0.9742 | 10s
2026-09-05 14:26:32,768 [INFO]   [ 87/108] k-NN (k=5)                 logtpm   100 генов | худшая 0.9655 | средняя 0.9745 | 10s
2026-09-05 14:26:42,928 [INFO]   [ 88/108] k-NN (k=5)                 logtpm   200 генов | худшая 0.9619 | средняя 0.9765 | 10s
2026-09-05 14:26:53,500 [INFO]   [ 89/108] k-NN (k=5)                 zsample   25 генов | худшая 0.9743 | средняя 0.9804 | 11s
2026-09-05 14:27:03,608 [INFO]   [ 90/108] k-NN (k=5)                 zsample   50 генов | худшая 0.9501 | средняя 0.9726 | 10s
2026-09-05 14:27:13,659 [INFO]   [ 91/108] k-NN (k=5)                 zsample  100 генов | худшая 0.9733 | средняя 0.9826 | 10s
2026-09-05 14:27:23,851 [INFO]   [ 92/108] k-NN (k=5)                 zsample  200 генов | худшая 0.9656 | средняя 0.9782 | 10s
2026-09-05 14:27:37,101 [INFO]   [ 93/108] k-NN (k=5)                 rank      25 генов | худшая 0.9665 | средняя 0.9806 | 13s
2026-09-05 14:27:50,267 [INFO]   [ 94/108] k-NN (k=5)                 rank      50 генов | худшая 0.9726 | средняя 0.9823 | 13s
2026-09-05 14:28:03,153 [INFO]   [ 95/108] k-NN (k=5)                 rank     100 генов | худшая 0.9707 | средняя 0.9798 | 13s
2026-09-05 14:28:16,504 [INFO]   [ 96/108] k-NN (k=5)                 rank     200 генов | худшая 0.9640 | средняя 0.9735 | 13s
2026-09-05 14:28:29,788 [INFO]   [ 97/108] Random Forest              logtpm    25 генов | худшая 0.9755 | средняя 0.9828 | 13s
2026-09-05 14:28:43,453 [INFO]   [ 98/108] Random Forest              logtpm    50 генов | худшая 0.9831 | средняя 0.9884 | 14s
2026-09-05 14:28:57,670 [INFO]   [ 99/108] Random Forest              logtpm   100 генов | худшая 0.9833 | средняя 0.9908 | 14s
2026-09-05 14:29:11,150 [INFO]   [100/108] Random Forest              logtpm   200 генов | худшая 0.9827 | средняя 0.9909 | 13s
2026-09-05 14:29:25,411 [INFO]   [101/108] Random Forest              zsample   25 генов | худшая 0.9795 | средняя 0.9861 | 14s
2026-09-05 14:29:39,357 [INFO]   [102/108] Random Forest              zsample   50 генов | худшая 0.9837 | средняя 0.9878 | 14s
2026-09-05 14:29:53,092 [INFO]   [103/108] Random Forest              zsample  100 генов | худшая 0.9827 | средняя 0.9905 | 14s
2026-09-05 14:30:07,410 [INFO]   [104/108] Random Forest              zsample  200 генов | худшая 0.9843 | средняя 0.9915 | 14s
2026-09-05 14:30:24,048 [INFO]   [105/108] Random Forest              rank      25 генов | худшая 0.9821 | средняя 0.9908 | 17s
2026-09-05 14:30:40,439 [INFO]   [106/108] Random Forest              rank      50 генов | худшая 0.9779 | средняя 0.9902 | 16s
2026-09-05 14:30:56,980 [INFO]   [107/108] Random Forest              rank     100 генов | худшая 0.9827 | средняя 0.9914 | 17s
2026-09-05 14:31:13,217 [INFO]   [108/108] Random Forest              rank     200 генов | худшая 0.9827 | средняя 0.9913 | 16s
2026-09-05 14:31:13,252 [INFO] 
  Топ-10 по худшей когорте:
2026-09-05 14:31:13,253 [INFO]     Logistic Regression (L1)   logtpm    50 | худшая 0.9889 | средняя 0.9932
2026-09-05 14:31:13,253 [INFO]     Logistic Regression (L1)   zsample  100 | худшая 0.9881 | средняя 0.9950
2026-09-05 14:31:13,253 [INFO]     Logistic Regression (L1)   zsample   50 | худшая 0.9878 | средняя 0.9929
2026-09-05 14:31:13,253 [INFO]     PLS-DA                     zsample   50 | худшая 0.9875 | средняя 0.9913
2026-09-05 14:31:13,253 [INFO]     PLS-DA                     logtpm    50 | худшая 0.9873 | средняя 0.9935
2026-09-05 14:31:13,253 [INFO]     LDA (Ledoit-Wolf)          logtpm   200 | худшая 0.9866 | средняя 0.9948
2026-09-05 14:31:13,254 [INFO]     Logistic Regression (L1)   zsample   25 | худшая 0.9866 | средняя 0.9926
2026-09-05 14:31:13,254 [INFO]     Elastic Net                zsample   50 | худшая 0.9866 | средняя 0.9918
2026-09-05 14:31:13,254 [INFO]     Logistic Regression (L1)   logtpm   200 | худшая 0.9866 | средняя 0.9946
2026-09-05 14:31:13,254 [INFO]     Logistic Regression (L1)   logtpm   100 | худшая 0.9865 | средняя 0.9946
2026-09-05 14:31:13,254 [INFO] 
[2] ПОЛНАЯ ПРОВЕРКА 5 ФИНАЛИСТОВ (с переносом порога)
2026-09-05 14:31:13,254 [INFO] 
  Logistic Regression (L1) / logtpm / 50 генов
2026-09-05 14:31:21,574 [INFO]     TCGA    AUC 0.9979 | чувств. 0.978 | спец. 0.991 | сбаланс. 0.984 | порог 0.299
2026-09-05 14:31:39,159 [INFO]     FUSCC   AUC 0.9889 | чувств. 0.961 | спец. 0.977 | сбаланс. 0.969 | порог 0.438
2026-09-05 14:32:01,270 [INFO]     VARLEY  AUC 0.9928 | чувств. 0.952 | спец. 0.964 | сбаланс. 0.958 | порог 0.354
2026-09-05 14:32:01,270 [INFO] 
  Logistic Regression (L1) / zsample / 100 генов
2026-09-05 14:32:10,069 [INFO]     TCGA    AUC 0.9985 | чувств. 0.982 | спец. 0.982 | сбаланс. 0.982 | порог 0.262
2026-09-05 14:32:28,206 [INFO]     FUSCC   AUC 0.9881 | чувств. 0.947 | спец. 0.977 | сбаланс. 0.962 | порог 0.457
2026-09-05 14:32:50,473 [INFO]     VARLEY  AUC 0.9985 | чувств. 0.976 | спец. 1.000 | сбаланс. 0.988 | порог 0.298
2026-09-05 14:32:50,483 [INFO] 
  Logistic Regression (L1) / zsample / 50 генов
2026-09-05 14:32:59,277 [INFO]     TCGA    AUC 0.9970 | чувств. 0.968 | спец. 0.982 | сбаланс. 0.975 | порог 0.273
2026-09-05 14:33:17,101 [INFO]     FUSCC   AUC 0.9878 | чувств. 0.942 | спец. 0.977 | сбаланс. 0.959 | порог 0.467
2026-09-05 14:33:39,541 [INFO]     VARLEY  AUC 0.9940 | чувств. 0.988 | спец. 0.929 | сбаланс. 0.958 | порог 0.363
2026-09-05 14:33:39,551 [INFO] 
  PLS-DA / zsample / 50 генов
2026-09-05 14:33:48,121 [INFO]     TCGA    AUC 0.9978 | чувств. 0.958 | спец. 0.991 | сбаланс. 0.974 | порог 0.420
2026-09-05 14:34:06,034 [INFO]     FUSCC   AUC 0.9875 | чувств. 0.969 | спец. 0.966 | сбаланс. 0.968 | порог 0.371
2026-09-05 14:34:28,468 [INFO]     VARLEY  AUC 0.9887 | чувств. 0.988 | спец. 0.964 | сбаланс. 0.976 | порог 0.345
2026-09-05 14:34:28,479 [INFO] 
  PLS-DA / logtpm / 50 генов
2026-09-05 14:34:36,752 [INFO]     TCGA    AUC 0.9979 | чувств. 0.959 | спец. 0.991 | сбаланс. 0.975 | порог 0.423
2026-09-05 14:34:54,575 [INFO]     FUSCC   AUC 0.9873 | чувств. 0.933 | спец. 0.977 | сбаланс. 0.955 | порог 0.407
2026-09-05 14:35:16,589 [INFO]     VARLEY  AUC 0.9953 | чувств. 1.000 | спец. 0.964 | сбаланс. 0.982 | порог 0.299
2026-09-05 14:35:16,589 [INFO] 
[3] ТОЧКА ОТСЧЁТА: конфигурация, выбранная v2 по обычной CV
2026-09-05 14:35:16,589 [INFO]   k-NN (k=5) / zsample / 50 генов
2026-09-05 14:35:25,320 [INFO]     TCGA    AUC 0.9936 | чувств. 0.981 | спец. 0.955 | сбаланс. 0.968 | порог 0.401
2026-09-05 14:35:43,249 [INFO]     FUSCC   AUC 0.9739 | чувств. 0.917 | спец. 0.977 | сбаланс. 0.947 | порог 1.000
2026-09-05 14:36:05,153 [INFO]     VARLEY  AUC 0.9501 | чувств. 0.952 | спец. 0.929 | сбаланс. 0.940 | порог 0.787
2026-09-05 14:36:05,164 [INFO] 
ВЫБРАНО: PLS-DA / zsample / 50 генов
2026-09-05 14:36:05,164 [INFO]   худшая когорта: сбаланс. точность 0.9677, AUC 0.9875
2026-09-05 14:36:05,164 [INFO]   для сравнения v2: сбаланс. 0.9405, AUC 0.9501
2026-09-05 14:36:05,164 [INFO] 
[4] ФИНАЛЬНАЯ МОДЕЛЬ НА ВСЕХ КОГОРТАХ
2026-09-05 14:37:00,575 [INFO]   порог по out-of-fold: 0.5832
2026-09-05 14:37:00,575 [INFO] 
[5] СПЕКТР ПРОГРЕССИИ (в обучении и выборе не участвовал)
2026-09-05 14:37:00,602 [INFO] Читаю sra.gene_sums.SRP023262.G026.gz (это займёт минуту)...
2026-09-05 14:37:01,007 [INFO]   80 образцов x 63856 генов
2026-09-05 14:37:01,195 [INFO] Внешняя когорта PROGRESSION (SRP023262): 80 образцов, 25 пациентов, состав {'ранняя неоплазия': 28, 'норма': 28, 'инвазивная карцинома': 14, 'DCIS (рак на месте)': 10}
2026-09-05 14:37:01,284 [INFO]   норма                    n= 28  риск 0.190 (медиана 0.143)  помечено 4%
2026-09-05 14:37:01,285 [INFO]   ранняя неоплазия         n= 28  риск 0.361 (медиана 0.336)  помечено 14%
2026-09-05 14:37:01,286 [INFO]   DCIS (рак на месте)      n= 10  риск 0.763 (медиана 0.814)  помечено 80%
2026-09-05 14:37:01,286 [INFO]   инвазивная карцинома     n= 14  риск 0.957 (медиана 0.974)  помечено 100%
2026-09-05 14:37:01,286 [INFO] 
[6] ГЕНЫ-МАРКЕРЫ
2026-09-05 14:40:15,067 [INFO]   KIF20A       chr5:138,178,719-138,187,715 (+)     устойчивость 1.00
2026-09-05 14:40:15,067 [INFO]   FXYD1        chr19:35,138,808-35,143,109 (+)      устойчивость 1.00
2026-09-05 14:40:15,067 [INFO]   NPR1         chr1:153,678,637-153,693,992 (+)     устойчивость 1.00
2026-09-05 14:40:15,067 [INFO]   ASF1B        chr19:14,119,509-14,136,956 (-)      устойчивость 1.00
2026-09-05 14:40:15,067 [INFO]   SCARA5       chr8:27,869,882-27,992,727 (-)       устойчивость 1.00
2026-09-05 14:40:15,067 [INFO]   BTNL9        chr5:181,040,225-181,061,523 (+)     устойчивость 1.00
2026-09-05 14:40:15,067 [INFO]   KIF4A        chrX:70,290,090-70,420,832 (+)       устойчивость 1.00
2026-09-05 14:40:15,068 [INFO]   ABCA9        chr17:68,974,488-69,061,064 (-)      устойчивость 1.00
2026-09-05 14:40:15,068 [INFO]   CA4          chr17:60,149,936-60,170,899 (+)      устойчивость 1.00
2026-09-05 14:40:15,068 [INFO]   GPIHBP1      chr8:143,213,193-143,217,170 (+)     устойчивость 1.00
2026-09-05 14:40:15,448 [INFO] Отчёт: C:\Users\davle\PycharmProjects\BIODNA\results_loco\REPORT_LOCO.md
2026-09-05 14:40:15,449 [INFO] 
Модель: C:\Users\davle\PycharmProjects\BIODNA\models\biodna_v3.joblib
2026-09-05 14:40:15,449 [INFO] Готово за 31.0 мин. Результаты в C:\Users\davle\PycharmProjects\BIODNA\results_loco/
2026-09-05 14:41:51,332 [INFO]   график: 01_loco_comparison.png
2026-09-05 14:41:51,948 [INFO]   график: 02_sweep_landscape.png
2026-09-05 14:41:52,436 [INFO]   график: 03_progression_v3.png
