2026-09-03 13:43:36,700 [INFO] ==============================================================================
2026-09-03 13:43:36,702 [INFO] BioDNA v2 — GTEx (здоровые) + TCGA (рак), пересчёт recount3
2026-09-03 13:43:36,702 [INFO] ==============================================================================
2026-09-03 13:43:37,043 [INFO] Аннотация GENCODE v26: 63856 генов, из них protein_coding 22321
2026-09-03 13:43:37,266 [INFO] GTEx: оставлено 180 женских образцов из 482
2026-09-03 13:43:37,271 [INFO] TCGA: оставлено 1226 женских образцов из 1239
2026-09-03 13:43:37,288 [INFO] Читаю gtex.gene_sums.BREAST.G026.gz (это займёт минуту)...
2026-09-03 13:43:41,404 [INFO]   482 образцов x 63856 генов
2026-09-03 13:43:41,549 [INFO] Читаю tcga.gene_sums.BRCA.G026.gz (это займёт минуту)...
2026-09-03 13:43:50,908 [INFO]   1256 образцов x 63856 генов
2026-09-03 13:43:51,550 [INFO] Общих генов после фильтра по типу: 22321
2026-09-03 13:43:54,572 [INFO] Экспрессируется в >=20% образцов: 15808 генов из 22321
2026-09-03 13:43:54,683 [INFO] Итоговый набор: 1406 образцов x 15808 генов
2026-09-03 13:43:54,684 [INFO]   состав: {('GTEX', 'healthy'): 180, ('TCGA', 'adjacent'): 111, ('TCGA', 'tumor'): 1115}
2026-09-03 13:43:54,795 [INFO] Состав:
cohort  group   
GTEX    healthy      180
TCGA    adjacent     111
        tumor       1115
2026-09-03 13:43:54,796 [INFO] 
[0] ОТПЕЧАТОК КОГОРТЫ — рака нет ни в одной группе
2026-09-03 13:43:58,262 [INFO]   [logtpm ] отпечаток когорты: AUC 1.0000±0.0000   (GTEx 180 vs TCGA-норма 111)
2026-09-03 13:44:01,915 [INFO]   [zsample] отпечаток когорты: AUC 1.0000±0.0000   (GTEx 180 vs TCGA-норма 111)
2026-09-03 13:44:07,007 [INFO]   [rank   ] отпечаток когорты: AUC 1.0000±0.0000   (GTEx 180 vs TCGA-норма 111)
2026-09-03 13:44:07,009 [INFO] 
[1] НАИВНАЯ МОДЕЛЬ — антипример
2026-09-03 13:44:22,646 [INFO]   [logtpm ] наивная модель: AUC 1.0000 (цифра ничего не доказывает)
2026-09-03 13:44:42,150 [INFO]   [zsample] наивная модель: AUC 1.0000 (цифра ничего не доказывает)
2026-09-03 13:45:04,351 [INFO]   [rank   ] наивная модель: AUC 1.0000 (цифра ничего не доказывает)
2026-09-03 13:45:04,362 [INFO] 
[2] ПЕРЕНОС TCGA -> GTEx — сколько здоровых объявлены больными
2026-09-03 13:45:25,889 [INFO]   [logtpm ] TCGA -> GTEx | внутри TCGA AUC 0.9997, порог 0.907 | здоровых объявлено больными: 11/180 = 6.1% (95% ДИ 3.4%–10.6%)
2026-09-03 13:45:49,557 [INFO]   [zsample] TCGA -> GTEx | внутри TCGA AUC 0.9998, порог 0.892 | здоровых объявлено больными: 6/180 = 3.3% (95% ДИ 1.5%–7.1%)
2026-09-03 13:46:15,289 [INFO]   [rank   ] TCGA -> GTEx | внутри TCGA AUC 0.9996, порог 0.625 | здоровых объявлено больными: 14/180 = 7.8% (95% ДИ 4.7%–12.6%)
2026-09-03 13:46:15,296 [INFO] 
[3] ПЕРЕНОС GTEx -> TCGA — узнаёт ли модель норму чужой когорты
2026-09-03 13:46:37,604 [INFO]   [logtpm ] GTEx -> TCGA | TCGA-норму назвал опухолью: 72/111 = 64.9% (95% ДИ 55.6%–73.1%, средний риск 0.663)
2026-09-03 13:47:00,460 [INFO]   [zsample] GTEx -> TCGA | TCGA-норму назвал опухолью: 92/111 = 82.9% (95% ДИ 74.8%–88.8%, средний риск 0.721)
2026-09-03 13:47:27,276 [INFO]   [rank   ] GTEx -> TCGA | TCGA-норму назвал опухолью: 93/111 = 83.8% (95% ДИ 75.8%–89.5%, средний риск 0.733)
2026-09-03 13:47:27,282 [INFO] 
[3b] РАЗМЕР ПАНЕЛИ ПРОТИВ ПЕРЕНОСИМОСТИ
2026-09-03 13:47:48,538 [INFO]   [logtpm ]   10 генов | AUC внутри TCGA 0.9987 | здоровых объявлено больными   1/180 = 0.6%
2026-09-03 13:48:10,527 [INFO]   [logtpm ]   25 генов | AUC внутри TCGA 0.9991 | здоровых объявлено больными   0/180 = 0.0%
2026-09-03 13:48:33,486 [INFO]   [logtpm ]   50 генов | AUC внутри TCGA 0.9995 | здоровых объявлено больными   2/180 = 1.1%
2026-09-03 13:48:54,666 [INFO]   [logtpm ]  100 генов | AUC внутри TCGA 0.9998 | здоровых объявлено больными   5/180 = 2.8%
2026-09-03 13:49:15,865 [INFO]   [logtpm ]  200 генов | AUC внутри TCGA 0.9997 | здоровых объявлено больными  11/180 = 6.1%
2026-09-03 13:49:35,930 [INFO]   [logtpm ]  500 генов | AUC внутри TCGA 0.9994 | здоровых объявлено больными   6/180 = 3.3%
2026-09-03 13:49:58,934 [INFO]   [zsample]   10 генов | AUC внутри TCGA 0.9987 | здоровых объявлено больными   2/180 = 1.1%
2026-09-03 13:50:19,968 [INFO]   [zsample]   25 генов | AUC внутри TCGA 0.9991 | здоровых объявлено больными   3/180 = 1.7%
2026-09-03 13:50:42,125 [INFO]   [zsample]   50 генов | AUC внутри TCGA 0.9993 | здоровых объявлено больными   0/180 = 0.0%
2026-09-03 13:51:03,571 [INFO]   [zsample]  100 генов | AUC внутри TCGA 0.9997 | здоровых объявлено больными   1/180 = 0.6%
2026-09-03 13:51:25,572 [INFO]   [zsample]  200 генов | AUC внутри TCGA 0.9998 | здоровых объявлено больными   6/180 = 3.3%
2026-09-03 13:51:47,130 [INFO]   [zsample]  500 генов | AUC внутри TCGA 0.9996 | здоровых объявлено больными   6/180 = 3.3%
2026-09-03 13:52:12,890 [INFO]   [rank   ]   10 генов | AUC внутри TCGA 0.9994 | здоровых объявлено больными   1/180 = 0.6%
2026-09-03 13:52:34,557 [INFO]   [rank   ]   25 генов | AUC внутри TCGA 0.9994 | здоровых объявлено больными   5/180 = 2.8%
2026-09-03 13:52:51,056 [INFO]   [rank   ]   50 генов | AUC внутри TCGA 0.9995 | здоровых объявлено больными   2/180 = 1.1%
2026-09-03 13:53:10,348 [INFO]   [rank   ]  100 генов | AUC внутри TCGA 0.9996 | здоровых объявлено больными   2/180 = 1.1%
2026-09-03 13:53:31,744 [INFO]   [rank   ]  200 генов | AUC внутри TCGA 0.9996 | здоровых объявлено больными  14/180 = 7.8%
2026-09-03 13:53:54,038 [INFO]   [rank   ]  500 генов | AUC внутри TCGA 0.9994 | здоровых объявлено больными  12/180 = 6.7%
2026-09-03 13:53:54,151 [INFO] 
Выбрано по переносу: нормировка zsample, панель 50 генов (ложных тревог у здоровых 0.0%)
2026-09-03 13:53:54,151 [INFO] 
[5] ИТОГОВАЯ МОДЕЛЬ
2026-09-03 13:53:55,032 [INFO] Train 1124 / тест 282, пациенты не пересекаются
2026-09-03 13:54:13,487 [INFO]   Logistic Regression (L2)   CV 0.9999±0.0001 | тест 0.9995 | чувств. 0.987 | спец. 1.000 | 18.5s
2026-09-03 13:54:32,530 [INFO]   Logistic Regression (L1)   CV 0.9999±0.0002 | тест 0.9997 | чувств. 0.982 | спец. 1.000 | 19.0s
2026-09-03 13:54:51,959 [INFO]   Elastic Net                CV 0.9999±0.0001 | тест 0.9995 | чувств. 0.987 | спец. 1.000 | 19.4s
2026-09-03 13:55:10,293 [INFO]   LDA (Ledoit-Wolf)          CV 0.9999±0.0001 | тест 0.9995 | чувств. 0.996 | спец. 1.000 | 18.3s
2026-09-03 13:55:29,623 [INFO]   PLS-DA                     CV 0.9999±0.0001 | тест 0.9994 | чувств. 0.897 | спец. 1.000 | 19.3s
2026-09-03 13:55:48,163 [INFO]   Shrunken Centroids (PAM)   CV 0.9996±0.0003 | тест 0.9970 | чувств. 0.978 | спец. 1.000 | 18.5s
2026-09-03 13:56:06,716 [INFO]   SVM (RBF)                  CV 0.9994±0.0010 | тест 0.9963 | чувств. 0.987 | спец. 1.000 | 18.6s
2026-09-03 13:56:35,600 [INFO]   Random Forest              CV 0.9999±0.0001 | тест 0.9995 | чувств. 0.996 | спец. 0.983 | 28.9s
2026-09-03 13:57:01,590 [INFO]   Extra Trees                CV 0.9998±0.0001 | тест 0.9996 | чувств. 0.987 | спец. 1.000 | 26.0s
2026-09-03 13:57:57,375 [INFO]   Gradient Boosting          CV 0.9999±0.0001 | тест 0.9996 | чувств. 0.987 | спец. 1.000 | 55.8s
2026-09-03 13:58:16,498 [INFO]   Naive Bayes                CV 0.9912±0.0127 | тест 0.9954 | чувств. 0.987 | спец. 1.000 | 19.1s
2026-09-03 13:58:35,511 [INFO]   k-NN (k=5)                 CV 1.0000±0.0000 | тест 0.9954 | чувств. 0.987 | спец. 1.000 | 19.0s
2026-09-03 13:59:04,371 [INFO]   Ensemble (soft vote)       CV 0.9999±0.0001 | тест 0.9995 | чувств. 0.987 | спец. 1.000 | 28.9s
2026-09-03 14:00:08,805 [INFO]   Stacking (LR meta)         CV 0.9999±0.0001 | тест 0.9995 | чувств. 0.991 | спец. 1.000 | 64.4s
2026-09-03 14:00:08,872 [INFO] Лучшая по CV: k-NN (k=5)
2026-09-03 14:00:59,517 [INFO] 
ОТЛОЖЕННЫЙ ТЕСТ (порог 0.9882), в скобках 95% ДИ:
2026-09-03 14:00:59,517 [INFO]   roc_auc              0.9972  [0.9921, 1.0000]
2026-09-03 14:00:59,517 [INFO]   pr_auc               0.9990  [0.9970, 1.0000]
2026-09-03 14:00:59,518 [INFO]   sensitivity          0.9821  [0.9548, 0.9930]
2026-09-03 14:00:59,518 [INFO]   specificity          1.0000  [0.9389, 1.0000]
2026-09-03 14:00:59,518 [INFO]   balanced_accuracy    0.9910
2026-09-03 14:00:59,518 [INFO]   пропущено опухолей 4, ложных тревог 0
2026-09-03 14:00:59,531 [INFO] 
По источникам образцов:
2026-09-03 14:00:59,531 [INFO]   healthy    n=  37  верно 100.0% [90.6%–100.0%]  средний риск 0.030
2026-09-03 14:00:59,532 [INFO]   adjacent   n=  22  верно 100.0% [85.1%–100.0%]  средний риск 0.037
2026-09-03 14:00:59,532 [INFO]   tumor      n= 223  верно 98.2% [95.5%–99.3%]  средний риск 0.982
2026-09-03 14:00:59,543 [INFO] 
По стадиям:
2026-09-03 14:00:59,544 [INFO]   Стадия I    n=  35  поймано   34  97.1% [85.5%–99.5%]
2026-09-03 14:00:59,544 [INFO]   Стадия II   n= 123  поймано  122  99.2% [95.5%–99.9%]
2026-09-03 14:00:59,544 [INFO]   Стадия III  n=  51  поймано   49  96.1% [86.8%–98.9%]
2026-09-03 14:00:59,544 [INFO]   Стадия IV   n=   4  поймано    4  100.0% [51.0%–100.0%]
2026-09-03 14:00:59,544 [INFO] 
Повторная CV (10x5) моделью Logistic Regression (L2):
2026-09-03 14:04:13,239 [INFO]   AUC 0.9998±0.0003, минимум по фолдам 0.9989, оценок 50
2026-09-03 14:04:13,262 [INFO] 
[4] ПЕРЕСТАНОВОЧНЫЙ ТЕСТ (метки мешаются по пациентам)
2026-09-03 16:13:43,767 [INFO] Отчёт: C:\Users\davle\PycharmProjects\BIODNA\results_v2\REPORT_V2.md
