2026-08-31 01:35:47,717 [INFO] ========================================================================
2026-08-31 01:35:47,717 [INFO] BioDNA — детекция рака груди, классическое ML (scikit-learn)
2026-08-31 01:35:47,717 [INFO] Генов в модели: 300 | CV: 5-fold по пациентам
2026-08-31 01:35:47,717 [INFO] ========================================================================
2026-08-31 01:35:47,717 [INFO] Загрузка данных экспрессии генов...
2026-08-31 01:35:49,030 [INFO]   Norma : 61 образцов x 17814 генов
2026-08-31 01:35:49,030 [INFO]   Tumor : 529 образцов x 17814 генов
2026-08-31 01:35:49,254 [INFO] Стадии из кэша: 527 пациентов
2026-08-31 01:35:49,261 [INFO]   Стадии опухолей: {'II': 298, 'III': 110, 'I': 89, 'Unknown': 19, 'IV': 13}
2026-08-31 01:35:49,262 [INFO] Итого: 590 образцов x 17814 генов (норма 61, опухоль 529)
2026-08-31 01:35:54,136 [INFO] Синонимов генов загружено: 58307
2026-08-31 01:35:54,138 [INFO] Аннотировано координат: 28278 генов (hg38)
2026-08-31 01:35:54,139 [INFO] Пациентов: 527, из них с парой норма+опухоль: 60 — поэтому делим по пациентам, а не по образцам
2026-08-31 01:35:54,227 [INFO] Train: 472 образцов (норма 49, опухоль 423) | Тест: 118 (норма 12, опухоль 106)
2026-08-31 01:35:54,227 [INFO] 
Сравнение классических моделей...
2026-08-31 01:35:58,625 [INFO]   Logistic Regression (L2)   CV AUC 1.0000±0.0000 | тест AUC 1.0000 | чувств. 1.000 | спец. 1.000 | 4.4s
2026-08-31 01:36:02,907 [INFO]   Logistic Regression (L1)   CV AUC 1.0000±0.0000 | тест AUC 1.0000 | чувств. 1.000 | спец. 1.000 | 4.3s
2026-08-31 01:36:07,328 [INFO]   SVM (RBF)                  CV AUC 1.0000±0.0000 | тест AUC 1.0000 | чувств. 1.000 | спец. 0.917 | 4.4s
2026-08-31 01:36:16,556 [INFO]   Random Forest              CV AUC 0.9995±0.0010 | тест AUC 0.9992 | чувств. 1.000 | спец. 0.917 | 9.2s
2026-08-31 01:36:23,716 [INFO]   Extra Trees                CV AUC 0.9998±0.0005 | тест AUC 0.9992 | чувств. 1.000 | спец. 0.917 | 7.2s
2026-08-31 01:38:29,811 [INFO]   Gradient Boosting          CV AUC 1.0000±0.0000 | тест AUC 0.9984 | чувств. 1.000 | спец. 0.917 | 126.1s
2026-08-31 01:38:34,120 [INFO]   Naive Bayes                CV AUC 0.9951±0.0024 | тест AUC 0.9536 | чувств. 0.991 | спец. 0.917 | 4.3s
2026-08-31 01:38:38,552 [INFO]   k-NN (k=5)                 CV AUC 0.9986±0.0023 | тест AUC 1.0000 | чувств. 1.000 | спец. 0.917 | 4.4s
2026-08-31 01:38:47,919 [INFO]   Ensemble (soft vote)       CV AUC 1.0000±0.0000 | тест AUC 1.0000 | чувств. 1.000 | спец. 0.917 | 9.4s
2026-08-31 01:38:47,922 [INFO] 
Лучшая по CV: Logistic Regression (L2)
2026-08-31 01:38:48,003 [INFO] Калибрую вероятности (Platt scaling)...
2026-08-31 01:38:58,506 [INFO] Скрининговый порог: 0.6429 (цель — чувствительность ≥ 98%)
2026-08-31 01:38:58,507 [INFO] Серая зона: 0.6429 … 0.6429
2026-08-31 01:38:58,652 [INFO] 
ОТЛОЖЕННЫЙ ТЕСТ (пациенты, которых модель не видела):
2026-08-31 01:38:58,652 [INFO]   roc_auc              1.0000
2026-08-31 01:38:58,652 [INFO]   pr_auc               1.0000
2026-08-31 01:38:58,652 [INFO]   sensitivity          1.0000
2026-08-31 01:38:58,652 [INFO]   specificity          1.0000
2026-08-31 01:38:58,652 [INFO]   balanced_accuracy    1.0000
2026-08-31 01:38:58,653 [INFO]   mcc                  1.0000
2026-08-31 01:38:58,653 [INFO]   пропущено опухолей   0
2026-08-31 01:38:58,653 [INFO]   ложных тревог        0
2026-08-31 01:38:58,654 [INFO] 
Распознавание по стадиям на тесте:
2026-08-31 01:38:58,654 [INFO]   Норма        n= 12  специфичность   100.0%  (средний риск 0.158)
2026-08-31 01:38:58,654 [INFO]   Стадия I     n= 16  чувствительность 100.0%  (средний риск 0.975)
2026-08-31 01:38:58,655 [INFO]   Стадия II    n= 68  чувствительность 100.0%  (средний риск 0.984)
2026-08-31 01:38:58,655 [INFO]   Стадия III   n= 19  чувствительность 100.0%  (средний риск 0.977)
2026-08-31 01:38:58,655 [INFO]   Стадия IV    n=  2  чувствительность 100.0%  (средний риск 0.993)
2026-08-31 01:38:58,655 [INFO]   Стадия Unknown n=  1  чувствительность 100.0%  (средний риск 0.997)
2026-08-31 01:38:58,655 [INFO] Зоны риска на тесте: {'high': 106, 'low': 12}
2026-08-31 01:38:58,656 [INFO] 
ПРОВЕРКА НА БАТЧ-ЭФФЕКТ
2026-08-31 01:38:58,656 [INFO]   Плашек всего: 12, с обоими классами: 4 (['A115', 'A12D', 'A12P', 'A137'])
2026-08-31 01:38:58,657 [INFO]   Внутри смешанных плашек: норма 38, опухоль 189
2026-08-31 01:39:00,276 [INFO]   CV ROC-AUC только на смешанных плашках: 1.0000±0.0000
2026-08-31 01:39:00,276 [INFO]   Вывод: сигнал биологический
2026-08-31 01:39:00,285 [INFO] 
МИНИМАЛЬНАЯ ГЕННАЯ ПАНЕЛЬ
2026-08-31 01:39:03,719 [INFO]       1 генов | CV AUC 0.9940±0.0031 | чувств. 0.986 | спец. 0.939
2026-08-31 01:39:07,184 [INFO]       2 генов | CV AUC 0.9966±0.0039 | чувств. 0.993 | спец. 0.939
2026-08-31 01:39:10,581 [INFO]       3 генов | CV AUC 1.0000±0.0000 | чувств. 0.986 | спец. 1.000
2026-08-31 01:39:13,977 [INFO]       5 генов | CV AUC 1.0000±0.0000 | чувств. 1.000 | спец. 1.000
2026-08-31 01:39:17,466 [INFO]      10 генов | CV AUC 1.0000±0.0000 | чувств. 1.000 | спец. 1.000
2026-08-31 01:39:20,904 [INFO]      25 генов | CV AUC 1.0000±0.0000 | чувств. 1.000 | спец. 1.000
2026-08-31 01:39:24,334 [INFO]      50 генов | CV AUC 1.0000±0.0000 | чувств. 0.998 | спец. 1.000
2026-08-31 01:39:27,799 [INFO]     100 генов | CV AUC 1.0000±0.0000 | чувств. 0.998 | спец. 1.000
2026-08-31 01:39:31,254 [INFO]     300 генов | CV AUC 1.0000±0.0000 | чувств. 0.995 | спец. 1.000
2026-08-31 01:39:34,743 [INFO]    1000 генов | CV AUC 1.0000±0.0000 | чувств. 0.995 | спец. 1.000
2026-08-31 01:39:34,745 [INFO]   Плато достигается уже на 3 генах (AUC 1.0000)
2026-08-31 01:39:34,756 [INFO] 
РАННЕЕ ВЫЯВЛЕНИЕ: норма 61 vs стадии I-II 387
2026-08-31 01:39:38,034 [INFO]   CV AUC 0.9997±0.0006 | тест AUC 1.0000
2026-08-31 01:39:38,034 [INFO]   При пороге 0.975: чувствительность к I-II 1.000, специфичность 1.000, пропущено опухолей 0
2026-08-31 01:39:38,035 [INFO]   Стадия I отдельно: поймано 15/15 (100.0%)
2026-08-31 01:39:38,037 [INFO] 
Маркеры и их координаты в ДНК...
2026-08-31 01:39:39,919 [INFO]   координаты найдены для 17053/17814 генов
2026-08-31 01:39:39,920 [INFO]   COL10A1      ↑ chr6:116,118,908-116,126,132 (-, 6q22.1)
2026-08-31 01:39:39,920 [INFO]   ADH4         ↓ chr4:99,123,656-99,144,298 (-, 4q23)
2026-08-31 01:39:39,920 [INFO]   WISP1        ↑ chr8:133,191,038-133,231,689 (+, 8q24.22)
2026-08-31 01:39:39,920 [INFO]   MMP11        ↑ chr22:23,772,848-23,784,316 (+, 22q11.23)
2026-08-31 01:39:39,920 [INFO]   HAS3         ↓ chr16:69,105,652-69,118,716 (+, 16q22.1)
2026-08-31 01:39:39,920 [INFO]   CCDC36       ↓ chr3:49,198,427-49,258,106 (+, 3p21.31)
2026-08-31 01:39:39,920 [INFO]   FN1          ↑ chr2:215,360,864-215,436,068 (-, 2q35)
2026-08-31 01:39:39,920 [INFO]   LRRC3B       ↓ chr3:26,622,805-26,710,774 (+, 3p24.1)
2026-08-31 01:39:39,921 [INFO]   INHBA        ↑ chr7:41,685,113-41,703,090 (-, 7p14.1)
2026-08-31 01:39:39,921 [INFO]   USP44        ↓ chr12:95,516,559-95,551,476 (-, 12q22)
2026-08-31 01:39:39,921 [INFO] Строю графики отчёта...
2026-08-31 01:39:40,286 [INFO]   график: 01_model_comparison.png
2026-08-31 01:39:40,562 [INFO]   график: 02_roc_pr_curves.png
2026-08-31 01:39:40,780 [INFO]   график: 03_confusion_matrix.png
2026-08-31 01:39:40,990 [INFO]   график: 04_risk_distribution.png
2026-08-31 01:39:41,127 [INFO]   график: 05_calibration.png
2026-08-31 01:39:41,395 [INFO]   график: 06_stage_sensitivity.png
2026-08-31 01:39:41,740 [INFO]   график: 07_top_genes.png
2026-08-31 01:39:42,106 [INFO]   график: 08_genome_manhattan.png
2026-08-31 01:39:42,364 [INFO]   график: 09_chromosome_load.png
2026-08-31 01:39:42,594 [INFO]   график: 10_panel_size.png
2026-08-31 01:39:42,729 [INFO] 
Модель сохранена: C:\Users\davle\PycharmProjects\BIODNA\models\biodna_model.joblib (4.4 MB)
2026-08-31 01:39:42,752 [INFO] Отчёт: C:\Users\davle\PycharmProjects\BIODNA\results\REPORT.md
2026-08-31 01:39:42,752 [INFO] 
Готово за 3.9 мин. Результаты в C:\Users\davle\PycharmProjects\BIODNA\results/
